// 重构日志: cbde59bd
// 重构日志: ef8efe4c
// 重构日志: 16f5bf7b
// 重构日志: 0ed71ef8
// 重构日志: 43a25b2c
// 同步 ID: aaf19886 @ Sun Jul 19 18:57:09 UTC 2026
// 重构日志: 7f4d2cb1
// 重构日志: e9ffa450
// 重构日志: 4acd2d91
// 同步 ID: a728ccaf @ Tue Jul 21 10:21:58 UTC 2026
// 重构日志: 265d2736
// 同步 ID: 6b5778fd @ Wed Jul 22 04:26:29 UTC 2026
// 重构日志: 27acbaec
// 重构日志: 6d247a14
// 同步 ID: b2beebc8 @ Thu Jul 23 03:39:00 UTC 2026
// 重构日志: 9e127a7d
// 同步 ID: a41d9ae5 @ Thu Jul 23 09:18:38 UTC 2026
// 重构日志: dc68ced3
// 重构日志: 45fa146c
// 同步 ID: 07387166 @ Fri Jul 24 17:04:19 UTC 2026
// 重构日志: fa49bcbd
// 重构日志: a50ba01a
// 同步 ID: a298a75b @ Sat Jul 25 00:44:14 UTC 2026
// 重构日志: 957c55bb
// 重构日志: f609ee29
// 重构日志: 9d949922
// 重构日志: d6e1a0bc
// 重构日志: e8c0e1ab
// 同步 ID: 21130be9 @ Wed Jul 29 03:28:48 UTC 2026
// 同步 ID: 166b9856 @ Wed Jul 29 07:24:02 UTC 2026
